Microchip MPLAB XC8 Compiler V2.45

Linker command line:

-W-3 --edf=/opt/microchip/xc8/v2.45/pic/dat/20230818022343_en.msgs -cn \
  -h+dist/default/debug/tstTC74LCD.X.debug.sym \
  --cmf=dist/default/debug/tstTC74LCD.X.debug.cmf -z -Q16F18875 \
  -o/tmp/xcXJOjBJI/driver_tmp_3.o --defsym=__MPLAB_BUILD=1 \
  --fixupoverflow=error -Mdist/default/debug/tstTC74LCD.X.debug.map \
  --md=/tmp/xcXJOjBJI/driver_tmp_0.dat -E1 -ver=XC8 Compiler --acfsm=1493 \
  -ACODE=00h-07FFhx4 -ASTRCODE=00h-01FFFh -ASTRING=00h-0FFhx32 \
  -ACONST=00h-0FFhx32 -AENTRY=00h-0FFhx32 -ACOMMON=070h-07Fh \
  -ABANK0=020h-06Fh -ABANK1=0A0h-0EFh -ABANK2=0120h-016Fh \
  -ABANK3=01A0h-01EFh -ABANK4=0220h-026Fh -ABANK5=02A0h-02EFh \
  -ABANK6=0320h-036Fh -ABANK7=03A0h-03EFh -ABANK8=0420h-046Fh \
  -ABANK9=04A0h-04EFh -ABANK10=0520h-056Fh -ABANK11=05A0h-05EFh \
  -ABANK12=0620h-064Fh -ABIGRAM=02000h-023EFh \
  -ARAM=020h-06Fh,0A0h-0EFh,0120h-016Fh,01A0h-01EFh,0220h-026Fh,02A0h-02EFh,0320h-036Fh,03A0h-03EFh,0420h-046Fh,04A0h-04EFh,0520h-056Fh,05A0h-05EFh,0620h-064Fh \
  -AABS1=020h-07Fh,0A0h-0EFh,0120h-016Fh,01A0h-01EFh,0220h-026Fh,02A0h-02EFh,0320h-036Fh,03A0h-03EFh,0420h-046Fh,04A0h-04EFh,0520h-056Fh,05A0h-05EFh,0620h-064Fh \
  -ASFR0=00h-01Fh -ASFR1=080h-09Fh -ASFR2=0100h-011Fh -ASFR3=0180h-019Fh \
  -ASFR4=0200h-021Fh -ASFR5=0280h-029Fh -ASFR6=0300h-031Fh \
  -ASFR7=0380h-039Fh -ASFR8=0400h-041Fh -ASFR9=0480h-049Fh \
  -ASFR10=0500h-051Fh -ASFR11=0580h-059Fh -ASFR12=0600h-061Fh \
  -ASFR13=0680h-06EFh -ASFR14=0700h-076Fh -ASFR15=0780h-07EFh \
  -ASFR16=0800h-086Fh -ASFR17=0880h-08EFh -ASFR18=0900h-096Fh \
  -ASFR19=0980h-09EFh -ASFR20=0A00h-0A6Fh -ASFR21=0A80h-0AEFh \
  -ASFR22=0B00h-0B6Fh -ASFR23=0B80h-0BEFh -ASFR24=0C00h-0C6Fh \
  -ASFR25=0C80h-0CEFh -ASFR26=0D00h-0D6Fh -ASFR27=0D80h-0DEFh \
  -ASFR28=0E00h-0E6Fh -ASFR29=0E80h-0EEFh -ASFR30=0F00h-0F6Fh \
  -ASFR31=0F80h-0FEFh -ACONFIG=08007h-0800Bh -DCONFIG=2 \
  -AIDLOC=08000h-08003h -DIDLOC=2 -AEEDATA=00h-0FFh/0F000h \
  -peeprom_data=EEDATA -DEEDATA=2 -DCODE=2 -DSTRCODE=2 -DSTRING=2 -DCONST=2 \
  -DENTRY=2 -preset_vec=00h,intentry,init,end_init -ppowerup=CODE \
  -pcinit=CODE -pfunctab=ENTRY -k /tmp/xcXJOjBJI/driver_tmp_20.o \
  dist/default/debug/tstTC74LCD.X.debug.o 

Object code version is 3.11

Machine type is 16F18875



                Name                               Link     Load   Length Selector   Space Scale
/tmp/xcXJOjBJI/driver_tmp_20.o
                end_init                              2        2        2        0       0
                reset_vec                             0        0        2        0       0
                config                             8007     8007        5        0       4
                idloc                              8000     8000        4        0       5
dist/default/debug/tstTC74LCD.X.debug.o
                cinit                               7E5      7E5       1B      FCA       0
                config                             8007     8007        5        0       4
                idloc                              8000     8000        4        0       5
                text38                              E65      E65       12     1CCA       0
                text37                              EE2      EE2       1A     1DC4       0
                text36                               49       49       4B       92       0
                text35                              6A1      6A1      144      D42       0
                text34                              E32      E32       11     1C64       0
                text33                                6        6       43        C       0
                text32                              31E      31E       B2      63C       0
                text31                              1F6      1F6       7C      3EC       0
                text30                              DF2      DF2        7     1BE4       0
                text29                              E8A      E8A       14     1D14       0
                text28                              DF9      DF9        8     1BF2       0
                text27                              ECA      ECA       18     1D94       0
                text26                              E25      E25        D     1C4A       0
                text25                              EB3      EB3       17     1D66       0
                text24                              E1B      E1B        A     1C36       0
                text23                              E09      E09        9     1C12       0
                text22                              FB8      FB8       48     1F70       0
                text21                              E01      E01        8     1C02       0
                text20                              E9E      E9E       15     1D3C       0
                text19                              E77      E77       13     1CEE       0
                text18                              DE8      DE8        4     1BD0       0
                text17                              E43      E43       11     1C86       0
                text16                              E12      E12        9     1C24       0
                text15                              DE5      DE5        3     1BCA       0
                text14                              598      598      109      B30       0
                text13                              137      137       5F      26E       0
                text12                               E4       E4       53      1C8       0
                text11                              E54      E54       11     1CA8       0
                text10                                5        5        1        A       0
                text9                                94       94       50      128       0
                text8                               F54      F54       25     1EA8       0
                text7                               F79      F79       3F     1EF2       0
                text6                               272      272       AC      4E4       0
                text5                               F35      F35       1F     1E6A       0
                text4                               196      196       60      32C       0
                text3                               3D0      3D0       C7      7A0       0
                text2                               EFC      EFC       1C     1DF8       0
                text1                               F18      F18       1D     1E30       0
                maintext                            497      497      101      92E       0
                cstackBANK0                          20       20       41       20       1
                cstackCOMMON                         70       70        E       70       1
                cstackBANK1                          A0       A0       25       A0       1
                clrtext                             DEC      DEC        6     1BD8       0
                bssBANK2                            120      120       20      120       1
                bssBANK1                             C5       C5       1D       A0       1
                bssBANK0                             61       61        7       20       1
                stringtext4                        103D     103D        4     2000       0
                stringtext3                        1035     1035        8     2000       0
                stringtext2                        102C     102C        9     2000       0
                stringtext1                        1000     1000       2C     2000       0

TOTAL           Name                               Link     Load   Length     Space
        CLASS   CODE           
                end_init                              2        2        2         0
                cinit                               7E5      7E5       1B         0
                reset_vec                             0        0        2         0
                text38                              E65      E65       12         0
                text37                              EE2      EE2       1A         0
                text36                               49       49       4B         0
                text35                              6A1      6A1      144         0
                text34                              E32      E32       11         0
                text33                                6        6       43         0
                text32                              31E      31E       B2         0
                text31                              1F6      1F6       7C         0
                text30                              DF2      DF2        7         0
                text29                              E8A      E8A       14         0
                text28                              DF9      DF9        8         0
                text27                              ECA      ECA       18         0
                text26                              E25      E25        D         0
                text25                              EB3      EB3       17         0
                text24                              E1B      E1B        A         0
                text23                              E09      E09        9         0
                text22                              FB8      FB8       48         0
                text21                              E01      E01        8         0
                text20                              E9E      E9E       15         0
                text19                              E77      E77       13         0
                text18                              DE8      DE8        4         0
                text17                              E43      E43       11         0
                text16                              E12      E12        9         0
                text15                              DE5      DE5        3         0
                text14                              598      598      109         0
                text13                              137      137       5F         0
                text12                               E4       E4       53         0
                text11                              E54      E54       11         0
                text10                                5        5        1         0
                text9                                94       94       50         0
                text8                               F54      F54       25         0
                text7                               F79      F79       3F         0
                text6                               272      272       AC         0
                text5                               F35      F35       1F         0
                text4                               196      196       60         0
                text3                               3D0      3D0       C7         0
                text2                               EFC      EFC       1C         0
                text1                               F18      F18       1D         0
                maintext                            497      497      101         0
                clrtext                             DEC      DEC        6         0

        CLASS   STRCODE        
                stringtext4                        103D     103D        4         0
                stringtext3                        1035     1035        8         0
                stringtext2                        102C     102C        9         0
                stringtext1                        1000     1000       2C         0

        CLASS   STRING         

        CLASS   CONST          

        CLASS   ENTRY          

        CLASS   COMMON         
                cstackCOMMON                         70       70        E         1

        CLASS   BANK0          
                cstackBANK0                          20       20       41         1
                bssBANK0                             61       61        7         1

        CLASS   BANK1          
                cstackBANK1                          A0       A0       25         1
                bssBANK1                             C5       C5       1D         1

        CLASS   BANK2          
                bssBANK2                            120      120       20         1

        CLASS   BANK3          

        CLASS   BANK4          

        CLASS   BANK5          

        CLASS   BANK6          

        CLASS   BANK7          

        CLASS   BANK8          

        CLASS   BANK9          

        CLASS   BANK10         

        CLASS   BANK11         

        CLASS   BANK12         

        CLASS   BIGRAM         

        CLASS   RAM            

        CLASS   ABS1           
                abs_s1                               7E       7E        2         1

        CLASS   SFR0           

        CLASS   SFR1           

        CLASS   SFR2           

        CLASS   SFR3           

        CLASS   SFR4           

        CLASS   SFR5           

        CLASS   SFR6           

        CLASS   SFR7           

        CLASS   SFR8           

        CLASS   SFR9           

        CLASS   SFR10          

        CLASS   SFR11          

        CLASS   SFR12          

        CLASS   SFR13          

        CLASS   SFR14          

        CLASS   SFR15          

        CLASS   SFR16          

        CLASS   SFR17          

        CLASS   SFR18          

        CLASS   SFR19          

        CLASS   SFR20          

        CLASS   SFR21          

        CLASS   SFR22          

        CLASS   SFR23          

        CLASS   SFR24          

        CLASS   SFR25          

        CLASS   SFR26          

        CLASS   SFR27          

        CLASS   SFR28          

        CLASS   SFR29          

        CLASS   SFR30          

        CLASS   SFR31          

        CLASS   CONFIG         
                config                             8007     8007        5         4

        CLASS   IDLOC          
                idloc                              8000     8000        4         5

        CLASS   EEDATA         

        CLASS   BANK31         

        CLASS   BANK30         

        CLASS   BANK29         

        CLASS   BANK28         

        CLASS   BANK27         

        CLASS   BANK26         

        CLASS   BANK25         

        CLASS   BANK24         

        CLASS   BANK23         

        CLASS   BANK22         

        CLASS   BANK21         

        CLASS   BANK20         

        CLASS   BANK19         

        CLASS   BANK18         

        CLASS   BANK17         

        CLASS   BANK16         

        CLASS   BANK15         

        CLASS   BANK14         

        CLASS   BANK13         

        CLASS   HEAP           

        CLASS   STACK          



SEGMENTS        Name                           Load    Length   Top    Selector   Space  Class     Delta

                text19                         000E77  000013  000E8A      1CEE       0  CODE        2
                text29                         000E8A  000014  000E9E      1D14       0  CODE        2
                reset_vec                      000000  000004  000004         0       0  CODE        2
                text38                         000E65  000012  000E77      1CCA       0  CODE        2
                text25                         000EB3  000017  000ECA      1D66       0  CODE        2
                text20                         000E9E  000015  000EB3      1D3C       0  CODE        2
                text11                         000E54  000011  000E65      1CA8       0  CODE        2
                text17                         000E43  000011  000E54      1C86       0  CODE        2
                text27                         000ECA  000018  000EE2      1D94       0  CODE        2
                text37                         000EE2  00001A  000EFC      1DC4       0  CODE        2
                text2                          000EFC  00001C  000F18      1DF8       0  CODE        2
                text16                         000E12  000009  000E1B      1C24       0  CODE        2
                text23                         000E09  000009  000E12      1C12       0  CODE        2
                text26                         000E25  00000D  000E32      1C4A       0  CODE        2
                text34                         000E32  000011  000E43      1C64       0  CODE        2
                text24                         000E1B  00000A  000E25      1C36       0  CODE        2
                text1                          000F18  00001D  000F35      1E30       0  CODE        2
                stringtext1                    001000  000041  001041      2000       0  STRCODE     2
                text7                          000F79  00003F  000FB8      1EF2       0  CODE        2
                text5                          000F35  00001F  000F54      1E6A       0  CODE        2
                text8                          000F54  000025  000F79      1EA8       0  CODE        2
                text21                         000E01  000008  000E09      1C02       0  CODE        2
                text15                         000DE5  000003  000DE8      1BCA       0  CODE        2
                text10                         000005  000001  000006         A       0  CODE        2
                text18                         000DE8  000004  000DEC      1BD0       0  CODE        2
                text30                         000DF2  000007  000DF9      1BE4       0  CODE        2
                clrtext                        000DEC  000006  000DF2      1BD8       0  CODE        2
                text28                         000DF9  000008  000E01      1BF2       0  CODE        2
                text33                         000006  000043  000049         C       0  CODE        2
                bssBANK2                       000120  000020  000140       120       1  BANK2       1
                cstackBANK1                    0000A0  000042  0000E2        A0       1  BANK1       1
                cinit                          0007E5  00001B  000800       FCA       0  CODE        2
                cstackBANK0                    000020  000048  000068        20       1  BANK0       1
                cstackCOMMON                   000070  00000E  00007E        70       1  COMMON      1
                text12                         0000E4  000053  000137       1C8       0  CODE        2
                text13                         000137  00005F  000196       26E       0  CODE        2
                text4                          000196  000060  0001F6       32C       0  CODE        2
                text9                          000094  000050  0000E4       128       0  CODE        2
                text22                         000FB8  000048  001000      1F70       0  CODE        2
                text36                         000049  00004B  000094        92       0  CODE        2
                maintext                       000497  000101  000598       92E       0  CODE        2
                text14                         000598  000109  0006A1       B30       0  CODE        2
                text35                         0006A1  000144  0007E5       D42       0  CODE        2
                text3                          0003D0  0000C7  000497       7A0       0  CODE        2
                text31                         0001F6  00007C  000272       3EC       0  CODE        2
                text6                          000272  0000AC  00031E       4E4       0  CODE        2
                text32                         00031E  0000B2  0003D0       63C       0  CODE        2


UNUSED ADDRESS RANGES

        Name                Unused          Largest block    Delta
        BANK0            00068-0006F               8           1
        BANK1            000E2-000EF               E           1
        BANK10           00520-0056F              50           1
        BANK11           005A0-005EF              50           1
        BANK12           00620-0064F              30           1
        BANK2            00140-0016F              30           1
        BANK3            001A0-001EF              50           1
        BANK4            00220-0026F              50           1
        BANK5            002A0-002EF              50           1
        BANK6            00320-0036F              50           1
        BANK7            003A0-003EF              50           1
        BANK8            00420-0046F              50           1
        BANK9            004A0-004EF              50           1
        BIGRAM           02000-023EF             3F0           1
        CODE             00004-00004               1           2
                         00800-00DE4             5E5
                         01041-01FFF             7BF
        CONST            00004-00004               1           2
                         00800-00DE4             100
                         01041-01FFF             100
        EEDATA           0F000-0F0FF             100           2
        ENTRY            00004-00004               1           2
                         00800-00DE4             100
                         01041-01FFF             100
        RAM              00068-0006F               8           1
                         000E2-000EF               E
                         00140-0016F              30
                         001A0-001EF              50
                         00220-0026F              50
                         002A0-002EF              50
                         00320-0036F              50
                         003A0-003EF              50
                         00420-0046F              50
                         004A0-004EF              50
                         00520-0056F              50
                         005A0-005EF              50
                         00620-0064F              30
        SFR0             00000-0001F              20           1
        SFR1             00080-0009F              20           1
        SFR10            00500-0051F              20           1
        SFR11            00580-0059F              20           1
        SFR12            00600-0061F              20           1
        SFR13            00680-006EF              70           1
        SFR14            00700-0076F              70           1
        SFR15            00780-007EF              70           1
        SFR16            00800-0086F              70           1
        SFR17            00880-008EF              70           1
        SFR18            00900-0096F              70           1
        SFR19            00980-009EF              70           1
        SFR2             00100-0011F              20           1
        SFR20            00A00-00A6F              70           1
        SFR21            00A80-00AEF              70           1
        SFR22            00B00-00B6F              70           1
        SFR23            00B80-00BEF              70           1
        SFR24            00C00-00C6F              70           1
        SFR25            00C80-00CEF              70           1
        SFR26            00D00-00D6F              70           1
        SFR27            00D80-00DEF              70           1
        SFR28            00E00-00E6F              70           1
        SFR29            00E80-00EEF              70           1
        SFR3             00180-0019F              20           1
        SFR30            00F00-00F6F              70           1
        SFR31            00F80-00FEF              70           1
        SFR4             00200-0021F              20           1
        SFR5             00280-0029F              20           1
        SFR6             00300-0031F              20           1
        SFR7             00380-0039F              20           1
        SFR8             00400-0041F              20           1
        SFR9             00480-0049F              20           1
        STRCODE          00004-00004               1           2
                         00800-00DE4             5E5
                         01041-01FFF             FBF
        STRING           00004-00004               1           2
                         00800-00DE4             100
                         01041-01FFF             100

                                  Symbol Table

?_ADCC_GetSingleConversion        cstackCOMMON 00070
?_LCDbusy                         cstackCOMMON 00077
?___awdiv                         cstackCOMMON 00070
?___awmod                         cstackCOMMON 00070
?___wmul                          cstackCOMMON 00070
?_abs                             cstackCOMMON 00077
?_read_prec_or_width              cstackCOMMON 00076
?_sprintf                         cstackBANK0  00049
?_vfprintf                        cstackBANK0  00042
ADCC_GetSingleConversion@channel  cstackCOMMON 00072
LCDchar@c                         cstackCOMMON 00077
LCDcmd@c                          cstackCOMMON 00077
LCDpos@c                          cstackCOMMON 00078
LCDpos@l                          cstackCOMMON 00079
LCDpos@p                          cstackCOMMON 0007A
LCDrecv@hc                        cstackCOMMON 00074
LCDrecv@lc                        cstackCOMMON 00075
LCDrecv@mode                      cstackCOMMON 00076
LCDsend2x4@c                      cstackCOMMON 00074
LCDsend2x4@hc                     cstackCOMMON 00075
LCDsend2x4@lc                     cstackCOMMON 00076
LCDsend2x4@mode                   cstackCOMMON 00072
LCDsend@c                         cstackCOMMON 00073
LCDstr@c                          cstackCOMMON 0007C
LCDstr@p                          cstackCOMMON 00078
TMR1_WriteTimer@timerVal          cstackCOMMON 00070
WriteI2C@data_out                 cstackCOMMON 00071
_ADACCH                           (abs)        00091
_ADACCL                           (abs)        00090
_ADACQ                            (abs)        0009D
_ADACT                            (abs)        00099
_ADCAP                            (abs)        0009B
_ADCC_GetSingleConversion         text38       00E65
_ADCC_Initialize                  text25       00EB3
_ADCLK                            (abs)        00098
_ADCNT                            (abs)        0010C
_ADCON0                           (abs)        00093
_ADCON0bits                       (abs)        00093
_ADCON1                           (abs)        00094
_ADCON1bits                       (abs)        00094
_ADCON2                           (abs)        00095
_ADCON2bits                       (abs)        00095
_ADCON3                           (abs)        00096
_ADCON3bits                       (abs)        00096
_ADERRH                           (abs)        00117
_ADERRL                           (abs)        00116
_ADFLTRH                          (abs)        00115
_ADFLTRL                          (abs)        00114
_ADLTHH                           (abs)        0010F
_ADLTHL                           (abs)        0010E
_ADPCH                            (abs)        0009E
_ADPRE                            (abs)        0009C
_ADPREVH                          (abs)        0008F
_ADPREVL                          (abs)        0008E
_ADREF                            (abs)        0009A
_ADRESH                           (abs)        0008D
_ADRESL                           (abs)        0008C
_ADRPT                            (abs)        0010D
_ADSTAT                           (abs)        00097
_ADSTATbits                       (abs)        00097
_ADSTPTH                          (abs)        00113
_ADSTPTL                          (abs)        00112
_ADUTHH                           (abs)        00111
_ADUTHL                           (abs)        00110
_ANSELA                           (abs)        00F38
_ANSELB                           (abs)        00F43
_ANSELC                           (abs)        00F4E
_ANSELD                           (abs)        00F59
_ANSELE                           (abs)        00F64
_I2C1_CallbackReturnReset         (abs)        00000
_I2C1_CallbackReturnStop          (abs)        00000
_I2C1_DO_ADDRESS_NACK             (abs)        00000
_I2C1_DO_IDLE                     (abs)        00000
_I2C1_DO_RCEN                     (abs)        00000
_I2C1_DO_RESET                    (abs)        00000
_I2C1_DO_RX                       (abs)        00000
_I2C1_DO_RX_ACK                   (abs)        00000
_I2C1_DO_RX_NACK_RESTART          (abs)        00000
_I2C1_DO_RX_NACK_STOP             (abs)        00000
_I2C1_DO_SEND_ADR_READ            (abs)        00000
_I2C1_DO_SEND_ADR_WRITE           (abs)        00000
_I2C1_DO_SEND_RESTART             (abs)        00000
_I2C1_DO_SEND_RESTART_READ        (abs)        00000
_I2C1_DO_SEND_RESTART_WRITE       (abs)        00000
_I2C1_DO_SEND_STOP                (abs)        00000
_I2C1_DO_TX                       (abs)        00000
_I2C1_DO_TX_EMPTY                 (abs)        00000
_I2C1_Initialize                  text24       00E1B
_I2C1_Status                      bssBANK1     000C5
_INLVLA                           (abs)        00F3C
_INLVLB                           (abs)        00F47
_INLVLC                           (abs)        00F52
_INLVLD                           (abs)        00F5D
_INLVLE                           (abs)        00F68
_LATA                             (abs)        00016
_LATB                             (abs)        00017
_LATC                             (abs)        00018
_LATD                             (abs)        00019
_LATE                             (abs)        0001A
_LCDbusy                          text34       00E32
_LCDchar                          text28       00DF9
_LCDcmd                           text30       00DF2
_LCDinit                          text31       001F6
_LCDpos                           text29       00E8A
_LCDrecv                          text35       006A1
_LCDsend                          text33       00006
_LCDsend2x4                       text32       0031E
_LCDstr                           text27       00ECA
_ODCONA                           (abs)        00F3A
_ODCONB                           (abs)        00F45
_ODCONC                           (abs)        00F50
_ODCOND                           (abs)        00F5B
_ODCONE                           (abs)        00F66
_OSCCON1                          (abs)        0088D
_OSCCON3                          (abs)        0088F
_OSCEN                            (abs)        00891
_OSCFRQ                           (abs)        00893
_OSCILLATOR_Initialize            text23       00E09
_OSCTUNE                          (abs)        00892
_OpenI2C                          text26       00E25
_PIE3bits                         (abs)        00719
_PIN_MANAGER_Initialize           text22       00FB8
_PIR3bits                         (abs)        0070F
_PIR4bits                         (abs)        00710
_PMD0                             (abs)        00796
_PMD1                             (abs)        00797
_PMD2                             (abs)        00798
_PMD3                             (abs)        00799
_PMD4                             (abs)        0079A
_PMD5                             (abs)        0079B
_PMD_Initialize                   text21       00E01
_RC3PPS                           (abs)        00F23
_RC4PPS                           (abs)        00F24
_ReadI2C                          text37       00EE2
_SLRCONA                          (abs)        00F3B
_SLRCONB                          (abs)        00F46
_SLRCONC                          (abs)        00F51
_SLRCOND                          (abs)        00F5C
_SLRCONE                          (abs)        00F67
_SSP1ADD                          (abs)        0018D
_SSP1BUF                          (abs)        0018C
_SSP1CLKPPS                       (abs)        00EC5
_SSP1CON1                         (abs)        00190
_SSP1CON1bits                     (abs)        00190
_SSP1CON2                         (abs)        00191
_SSP1CON2bits                     (abs)        00191
_SSP1DATPPS                       (abs)        00EC6
_SSP1STAT                         (abs)        0018F
_SSP1STATbits                     (abs)        0018F
_SYSTEM_Initialize                text19       00E77
_T1CKIPPS                         (abs)        00E92
_T1CLK                            (abs)        00211
_T1CON                            (abs)        0020E
_T1CONbits                        (abs)        0020E
_T1GATE                           (abs)        00210
_T1GCON                           (abs)        0020F
_T1GCONbits                       (abs)        0020F
_TMR1H                            (abs)        0020D
_TMR1L                            (abs)        0020C
_TMR1_HasOverflowOccured          text18       00DE8
_TMR1_Initialize                  text20       00E9E
_TMR1_Reload                      text16       00E12
_TMR1_StartTimer                  text15       00DE5
_TMR1_WriteTimer                  text17       00E43
_TRISA                            (abs)        00011
_TRISB                            (abs)        00012
_TRISC                            (abs)        00013
_TRISCbits                        (abs)        00013
_TRISD                            (abs)        00014
_TRISE                            (abs)        00015
_WPUA                             (abs)        00F39
_WPUB                             (abs)        00F44
_WPUC                             (abs)        00F4F
_WPUD                             (abs)        00F5A
_WPUE                             (abs)        00F65
_WriteI2C                         text36       00049
__H__absolute__                   __absolute__ 00000
__Habs1                           abs1         00000
__Hbank0                          bank0        00000
__Hbank1                          bank1        00000
__Hbank10                         bank10       00000
__Hbank11                         bank11       00000
__Hbank12                         bank12       00000
__Hbank13                         bank13       00000
__Hbank14                         bank14       00000
__Hbank15                         bank15       00000
__Hbank16                         bank16       00000
__Hbank17                         bank17       00000
__Hbank18                         bank18       00000
__Hbank19                         bank19       00000
__Hbank2                          bank2        00000
__Hbank20                         bank20       00000
__Hbank21                         bank21       00000
__Hbank22                         bank22       00000
__Hbank23                         bank23       00000
__Hbank24                         bank24       00000
__Hbank25                         bank25       00000
__Hbank26                         bank26       00000
__Hbank27                         bank27       00000
__Hbank28                         bank28       00000
__Hbank29                         bank29       00000
__Hbank3                          bank3        00000
__Hbank30                         bank30       00000
__Hbank31                         bank31       00000
__Hbank4                          bank4        00000
__Hbank5                          bank5        00000
__Hbank6                          bank6        00000
__Hbank7                          bank7        00000
__Hbank8                          bank8        00000
__Hbank9                          bank9        00000
__Hbigram                         bigram       00000
__HbssBANK0                       bssBANK0     00000
__HbssBANK1                       bssBANK1     00000
__HbssBANK2                       bssBANK2     00000
__Hcinit                          cinit        00800
__Hclrtext                        clrtext      00000
__Hcode                           code         00000
__Hcommon                         common       00000
__Hconfig                         config       0800C
__HcstackBANK0                    cstackBANK0  00000
__HcstackBANK1                    cstackBANK1  00000
__HcstackCOMMON                   cstackCOMMON 00000
__Heeprom_data                    eeprom_data  00000
__Hend_init                       end_init     00004
__Hfunctab                        functab      00000
__Hheap                           heap         00000
__Hidloc                          idloc        08004
__Hinit                           init         00002
__Hintentry                       intentry     00002
__Hmaintext                       maintext     00000
__Hpowerup                        powerup      00000
__Hram                            ram          00000
__Hreset_vec                      reset_vec    00002
__Hsfr0                           sfr0         00000
__Hsfr1                           sfr1         00000
__Hsfr10                          sfr10        00000
__Hsfr11                          sfr11        00000
__Hsfr12                          sfr12        00000
__Hsfr13                          sfr13        00000
__Hsfr14                          sfr14        00000
__Hsfr15                          sfr15        00000
__Hsfr16                          sfr16        00000
__Hsfr17                          sfr17        00000
__Hsfr18                          sfr18        00000
__Hsfr19                          sfr19        00000
__Hsfr2                           sfr2         00000
__Hsfr20                          sfr20        00000
__Hsfr21                          sfr21        00000
__Hsfr22                          sfr22        00000
__Hsfr23                          sfr23        00000
__Hsfr24                          sfr24        00000
__Hsfr25                          sfr25        00000
__Hsfr26                          sfr26        00000
__Hsfr27                          sfr27        00000
__Hsfr28                          sfr28        00000
__Hsfr29                          sfr29        00000
__Hsfr3                           sfr3         00000
__Hsfr30                          sfr30        00000
__Hsfr31                          sfr31        00000
__Hsfr4                           sfr4         00000
__Hsfr5                           sfr5         00000
__Hsfr6                           sfr6         00000
__Hsfr7                           sfr7         00000
__Hsfr8                           sfr8         00000
__Hsfr9                           sfr9         00000
__Hspace_0                        (abs)        01041
__Hspace_1                        (abs)        00140
__Hspace_2                        (abs)        00000
__Hspace_3                        (abs)        00000
__Hspace_4                        (abs)        10013
__Hstack                          stack        00000
__Hstrings                        strings      00000
__Hstringtext1                    stringtext1  00000
__Hstringtext2                    stringtext2  00000
__Hstringtext3                    stringtext3  00000
__Hstringtext4                    stringtext4  00000
__Hstringtext5                    stringtext5  00000
__Htext                           text         00000
__L__absolute__                   __absolute__ 00000
__Labs1                           abs1         00000
__Lbank0                          bank0        00000
__Lbank1                          bank1        00000
__Lbank10                         bank10       00000
__Lbank11                         bank11       00000
__Lbank12                         bank12       00000
__Lbank13                         bank13       00000
__Lbank14                         bank14       00000
__Lbank15                         bank15       00000
__Lbank16                         bank16       00000
__Lbank17                         bank17       00000
__Lbank18                         bank18       00000
__Lbank19                         bank19       00000
__Lbank2                          bank2        00000
__Lbank20                         bank20       00000
__Lbank21                         bank21       00000
__Lbank22                         bank22       00000
__Lbank23                         bank23       00000
__Lbank24                         bank24       00000
__Lbank25                         bank25       00000
__Lbank26                         bank26       00000
__Lbank27                         bank27       00000
__Lbank28                         bank28       00000
__Lbank29                         bank29       00000
__Lbank3                          bank3        00000
__Lbank30                         bank30       00000
__Lbank31                         bank31       00000
__Lbank4                          bank4        00000
__Lbank5                          bank5        00000
__Lbank6                          bank6        00000
__Lbank7                          bank7        00000
__Lbank8                          bank8        00000
__Lbank9                          bank9        00000
__Lbigram                         bigram       00000
__LbssBANK0                       bssBANK0     00000
__LbssBANK1                       bssBANK1     00000
__LbssBANK2                       bssBANK2     00000
__Lcinit                          cinit        007E5
__Lclrtext                        clrtext      00000
__Lcode                           code         00000
__Lcommon                         common       00000
__Lconfig                         config       00000
__LcstackBANK0                    cstackBANK0  00000
__LcstackBANK1                    cstackBANK1  00000
__LcstackCOMMON                   cstackCOMMON 00000
__Leeprom_data                    eeprom_data  00000
__Lend_init                       end_init     00002
__Lfunctab                        functab      00000
__Lheap                           heap         00000
__Lidloc                          idloc        00000
__Linit                           init         00002
__Lintentry                       intentry     00002
__Lmaintext                       maintext     00000
__Lpowerup                        powerup      00000
__Lram                            ram          00000
__Lreset_vec                      reset_vec    00000
__Lsfr0                           sfr0         00000
__Lsfr1                           sfr1         00000
__Lsfr10                          sfr10        00000
__Lsfr11                          sfr11        00000
__Lsfr12                          sfr12        00000
__Lsfr13                          sfr13        00000
__Lsfr14                          sfr14        00000
__Lsfr15                          sfr15        00000
__Lsfr16                          sfr16        00000
__Lsfr17                          sfr17        00000
__Lsfr18                          sfr18        00000
__Lsfr19                          sfr19        00000
__Lsfr2                           sfr2         00000
__Lsfr20                          sfr20        00000
__Lsfr21                          sfr21        00000
__Lsfr22                          sfr22        00000
__Lsfr23                          sfr23        00000
__Lsfr24                          sfr24        00000
__Lsfr25                          sfr25        00000
__Lsfr26                          sfr26        00000
__Lsfr27                          sfr27        00000
__Lsfr28                          sfr28        00000
__Lsfr29                          sfr29        00000
__Lsfr3                           sfr3         00000
__Lsfr30                          sfr30        00000
__Lsfr31                          sfr31        00000
__Lsfr4                           sfr4         00000
__Lsfr5                           sfr5         00000
__Lsfr6                           sfr6         00000
__Lsfr7                           sfr7         00000
__Lsfr8                           sfr8         00000
__Lsfr9                           sfr9         00000
__Lspace_0                        (abs)        00000
__Lspace_1                        (abs)        00000
__Lspace_2                        (abs)        00000
__Lspace_3                        (abs)        00000
__Lspace_4                        (abs)        00000
__Lstack                          stack        00000
__Lstrings                        strings      00000
__Lstringtext1                    stringtext1  00000
__Lstringtext2                    stringtext2  00000
__Lstringtext3                    stringtext3  00000
__Lstringtext4                    stringtext4  00000
__Lstringtext5                    stringtext5  00000
__Ltext                           text         00000
__S0                              (abs)        01041
__S1                              (abs)        00140
__S3                              (abs)        00000
___awdiv                          text13       00137
___awdiv@counter                  cstackCOMMON 00075
___awdiv@dividend                 cstackCOMMON 00072
___awdiv@divisor                  cstackCOMMON 00070
___awdiv@quotient                 cstackCOMMON 00077
___awdiv@sign                     cstackCOMMON 00076
___awmod                          text12       000E4
___awmod@counter                  cstackCOMMON 00075
___awmod@dividend                 cstackCOMMON 00072
___awmod@divisor                  cstackCOMMON 00070
___awmod@sign                     cstackCOMMON 00076
___heap_hi                        (abs)        00000
___heap_lo                        (abs)        00000
___int_sp                         stack        00000
___int_stack_hi                   stack        00000
___int_stack_lo                   stack        00000
___latbits                        (abs)        00002
___sp                             stack        00000
___stack_hi                       stack        00000
___stack_lo                       stack        00000
___stackhi                        (abs)        00000
___stacklo                        (abs)        00000
___wmul                           text5        00F35
___wmul@multiplicand              cstackCOMMON 00072
___wmul@multiplier                cstackCOMMON 00070
___wmul@product                   cstackCOMMON 00074
__end_of_ADCC_GetSingleConversion text38       00E77
__end_of_ADCC_Initialize          text25       00ECA
__end_of_I2C1_Initialize          text24       00E25
__end_of_LCDbusy                  text34       00E43
__end_of_LCDchar                  text28       00E01
__end_of_LCDcmd                   text30       00DF9
__end_of_LCDinit                  text31       00272
__end_of_LCDpos                   text29       00E9E
__end_of_LCDrecv                  text35       007E5
__end_of_LCDsend                  text33       00049
__end_of_LCDsend2x4               text32       003D0
__end_of_LCDstr                   text27       00EE2
__end_of_OSCILLATOR_Initialize    text23       00E12
__end_of_OpenI2C                  text26       00E32
__end_of_PIN_MANAGER_Initialize   text22       01000
__end_of_PMD_Initialize           text21       00E09
__end_of_ReadI2C                  text37       00EFC
__end_of_SYSTEM_Initialize        text19       00E8A
__end_of_TMR1_HasOverflowOccured  text18       00DEC
__end_of_TMR1_Initialize          text20       00EB3
__end_of_TMR1_Reload              text16       00E1B
__end_of_TMR1_StartTimer          text15       00DE8
__end_of_TMR1_WriteTimer          text17       00E54
__end_of_WriteI2C                 text36       00094
__end_of___awdiv                  text13       00196
__end_of___awmod                  text12       00137
__end_of___wmul                   text5        00F54
__end_of__initialization          cinit        007FD
__end_of_abs                      text11       00E65
__end_of_dtoa                     text6        0031E
__end_of_fputc                    text9        000E4
__end_of_fputs                    text8        00F79
__end_of_i2c1_fsmStateTable       stringtext1  01020
__end_of_main                     maintext     00598
__end_of_pad                      text7        00FB8
__end_of_putch                    text10       00006
__end_of_readTC74                 text14       006A1
__end_of_read_prec_or_width       text4        001F6
__end_of_sprintf                  text1        00F35
__end_of_vfpfcnvrt                text3        00497
__end_of_vfprintf                 text2        00F18
__initialization                  cinit        007E5
__pbssBANK0                       bssBANK0     00061
__pbssBANK1                       bssBANK1     000C5
__pbssBANK2                       bssBANK2     00120
__pcstackBANK0                    cstackBANK0  00020
__pcstackBANK1                    cstackBANK1  000A0
__pcstackCOMMON                   cstackCOMMON 00070
__pmaintext                       maintext     00497
__pstringtext1                    stringtext1  01000
__pstringtext2                    stringtext2  0102C
__pstringtext3                    stringtext3  01035
__pstringtext4                    stringtext4  0103D
__pstringtext5                    stringtext5  00000
__ptext1                          text1        00F18
__ptext10                         text10       00005
__ptext11                         text11       00E54
__ptext12                         text12       000E4
__ptext13                         text13       00137
__ptext14                         text14       00598
__ptext15                         text15       00DE5
__ptext16                         text16       00E12
__ptext17                         text17       00E43
__ptext18                         text18       00DE8
__ptext19                         text19       00E77
__ptext2                          text2        00EFC
__ptext20                         text20       00E9E
__ptext21                         text21       00E01
__ptext22                         text22       00FB8
__ptext23                         text23       00E09
__ptext24                         text24       00E1B
__ptext25                         text25       00EB3
__ptext26                         text26       00E25
__ptext27                         text27       00ECA
__ptext28                         text28       00DF9
__ptext29                         text29       00E8A
__ptext3                          text3        003D0
__ptext30                         text30       00DF2
__ptext31                         text31       001F6
__ptext32                         text32       0031E
__ptext33                         text33       00006
__ptext34                         text34       00E32
__ptext35                         text35       006A1
__ptext36                         text36       00049
__ptext37                         text37       00EE2
__ptext38                         text38       00E65
__ptext4                          text4        00196
__ptext5                          text5        00F35
__ptext6                          text6        00272
__ptext7                          text7        00F79
__ptext8                          text8        00F54
__ptext9                          text9        00094
_abs                              text11       00E54
_dbuf                             bssBANK2     00120
_dtoa                             text6        00272
_dtoa$2561                        cstackBANK0  0002B
_flags                            bssBANK0     00067
_fputc                            text9        00094
_fputs                            text8        00F54
_i2c1_fsmStateTable               stringtext1  01000
_main                             maintext     00497
_pad                              text7        00F79
_prec                             bssBANK0     00063
_putch                            text10       00005
_rd1RegCompleteHandler            (abs)        00000
_rd2RegCompleteHandler            (abs)        00000
_rdBlkRegCompleteHandler          (abs)        00000
_readTC74                         text14       00598
_read_prec_or_width               text4        00196
_sprintf                          text1        00F18
_timer1ReloadVal                  bssBANK0     00065
_vfpfcnvrt                        text3        003D0
_vfprintf                         text2        00EFC
_width                            bssBANK0     00061
_wr1RegCompleteHandler            (abs)        00000
_wr2RegCompleteHandler            (abs)        00000
abs@a                             cstackCOMMON 00077
btemp                             (abs)        0007E
clear_ram0                        clrtext      00DEC
dtoa@d                            cstackBANK0  00028
dtoa@fp                           cstackBANK0  0002D
dtoa@i                            cstackBANK0  00032
dtoa@p                            cstackBANK0  0002E
dtoa@s                            cstackBANK0  00031
dtoa@w                            cstackBANK0  0002F
end_of_initialization             cinit        007FD
fputc@c                           cstackCOMMON 00070
fputc@fp                          cstackCOMMON 00072
fputs@c                           cstackBANK0  00020
fputs@fp                          cstackCOMMON 00078
fputs@i                           cstackBANK0  00021
fputs@s                           cstackBANK0  00023
intlevel0                         functab      00000
intlevel1                         functab      00000
intlevel2                         functab      00000
intlevel3                         functab      00000
intlevel4                         functab      00000
intlevel5                         functab      00000
main@PMON                         cstackBANK1  000BF
main@buf                          cstackBANK1  000A0
main@count                        cstackBANK1  000BD
main@hours                        cstackBANK1  000B9
main@l                            cstackBANK1  000BC
main@minutes                      cstackBANK1  000C1
main@seconds                      cstackBANK1  000C3
main@time_buffer                  cstackBANK1  000B1
main@tt                           cstackBANK1  000BB
pad@buf                           cstackCOMMON 0007B
pad@fp                            cstackBANK0  00027
pad@i                             cstackBANK0  00025
pad@p                             cstackCOMMON 0007C
readTC74@value                    cstackCOMMON 00073
read_prec_or_width@ap             cstackCOMMON 00076
read_prec_or_width@c              cstackBANK0  00020
read_prec_or_width@fmt            cstackBANK0  00023
read_prec_or_width@n              cstackBANK0  00021
reset_vec                         reset_vec    00000
sprintf@ap                        cstackBANK0  00052
sprintf@f                         cstackBANK0  00054
sprintf@fmt                       cstackBANK0  00049
sprintf@s                         cstackBANK0  00053
start                             init         00002
start_initialization              cinit        007E5
vfpfcnvrt@ap                      cstackBANK0  00035
vfpfcnvrt@convarg                 cstackBANK0  0003A
vfpfcnvrt@cp                      cstackBANK0  00040
vfpfcnvrt@done                    cstackBANK0  0003E
vfpfcnvrt@fmt                     cstackBANK0  00034
vfpfcnvrt@fp                      cstackBANK0  0003F
vfprintf@ap                       cstackBANK0  00044
vfprintf@cfmt                     cstackBANK0  00047
vfprintf@fmt                      cstackBANK0  00042
vfprintf@fp                       cstackBANK0  00046
wtemp0                            (abs)        0007E


MODULE INFORMATION

Module		Function		Class		Link	Load	Size
/opt/microchip/xc8/v2.45/pic/sources/c99/common/nf_fputs.c
		_fputs         		CODE           	0F54	0000	37

/opt/microchip/xc8/v2.45/pic/sources/c99/common/nf_fputs.c estimated size: 37

/opt/microchip/xc8/v2.45/pic/sources/c99/common/awdiv.c
		___awdiv       		CODE           	0137	0000	95

/opt/microchip/xc8/v2.45/pic/sources/c99/common/awdiv.c estimated size: 95

mcc_generated_files/i2c1_master.c
		_I2C1_Initialize		CODE           	0E1B	0000	10

mcc_generated_files/i2c1_master.c estimated size: 10

/opt/microchip/xc8/v2.45/pic/sources/c99/common/nf_sprintf.c
		_sprintf       		CODE           	0F18	0000	29

/opt/microchip/xc8/v2.45/pic/sources/c99/common/nf_sprintf.c estimated size: 29

mcc_generated_files/pin_manager.c
		_PIN_MANAGER_Initialize		CODE           	0FB8	0000	72

mcc_generated_files/pin_manager.c estimated size: 72

I2C/i2c.c
		_ReadI2C       		CODE           	0EE2	0000	26
		_WriteI2C      		CODE           	0049	0000	75
		_OpenI2C       		CODE           	0E25	0000	13

I2C/i2c.c estimated size: 114

/opt/microchip/xc8/v2.45/pic/sources/c99/common/doprnt.c
		_read_prec_or_width		CODE           	0196	0000	96
		_vfpfcnvrt     		CODE           	03D0	0000	199
		_pad           		CODE           	0F79	0000	63
		_dtoa          		CODE           	0272	0000	172
		_vfprintf      		CODE           	0EFC	0000	28

/opt/microchip/xc8/v2.45/pic/sources/c99/common/doprnt.c estimated size: 558

LCD/lcd.c
		_LCDinit       		CODE           	01F6	0000	124
		_LCDsend       		CODE           	0006	0000	67
		_LCDsend2x4    		CODE           	031E	0000	178
		_LCDstr        		CODE           	0ECA	0000	24
		_LCDchar       		CODE           	0DF9	0000	8
		_LCDpos        		CODE           	0E8A	0000	20
		_LCDbusy       		CODE           	0E32	0000	17
		_LCDrecv       		CODE           	06A1	0000	324
		_LCDcmd        		CODE           	0DF2	0000	7

LCD/lcd.c estimated size: 769

/opt/microchip/xc8/v2.45/pic/sources/c99/common/abs.c
		_abs           		CODE           	0E54	0000	17

/opt/microchip/xc8/v2.45/pic/sources/c99/common/abs.c estimated size: 17

/opt/microchip/xc8/v2.45/pic/sources/c99/common/nf_fputc.c
		_fputc         		CODE           	0094	0000	80

/opt/microchip/xc8/v2.45/pic/sources/c99/common/nf_fputc.c estimated size: 80

/opt/microchip/xc8/v2.45/pic/sources/c99/common/Umul16.c
		___wmul        		CODE           	0F35	0000	31

/opt/microchip/xc8/v2.45/pic/sources/c99/common/Umul16.c estimated size: 31

shared
		__initialization		CODE           	07E5	0000	24
		_i2c1_fsmStateTable		STRCODE        	1000	0000	32

shared estimated size: 56

mcc_generated_files/mcc.c
		_PMD_Initialize		CODE           	0E01	0000	8
		_OSCILLATOR_Initialize		CODE           	0E09	0000	9
		_SYSTEM_Initialize		CODE           	0E77	0000	19

mcc_generated_files/mcc.c estimated size: 36

mcc_generated_files/tmr1.c
		_TMR1_Initialize		CODE           	0E9E	0000	21
		_TMR1_Reload   		CODE           	0E12	0000	9
		_TMR1_WriteTimer		CODE           	0E43	0000	17
		_TMR1_StartTimer		CODE           	0DE5	0000	3
		_TMR1_HasOverflowOccured		CODE           	0DE8	0000	4

mcc_generated_files/tmr1.c estimated size: 54

/opt/microchip/xc8/v2.45/pic/sources/c99/common/awmod.c
		___awmod       		CODE           	00E4	0000	83

/opt/microchip/xc8/v2.45/pic/sources/c99/common/awmod.c estimated size: 83

/opt/microchip/xc8/v2.45/pic/sources/c99/common/putch.c
		_putch         		CODE           	0005	0000	1

/opt/microchip/xc8/v2.45/pic/sources/c99/common/putch.c estimated size: 1

mcc_generated_files/adcc.c
		_ADCC_GetSingleConversion		CODE           	0E65	0000	18
		_ADCC_Initialize		CODE           	0EB3	0000	23

mcc_generated_files/adcc.c estimated size: 41

main.c
		_main          		CODE           	0497	0000	257
		_readTC74      		CODE           	0598	0000	265

main.c estimated size: 522

