Microchip MPLAB XC8 Compiler V2.45

Linker command line:

-W-3 --edf=/opt/microchip/xc8/v2.45/pic/dat/20230818022343_en.msgs -cn \
  -h+dist/default/production/tstTC74LCD.X.production.sym \
  --cmf=dist/default/production/tstTC74LCD.X.production.cmf -z -Q16F18875 \
  -o/tmp/xcXgInLNd/driver_tmp_3.o --defsym=__MPLAB_BUILD=1 \
  --fixupoverflow=error \
  -Mdist/default/production/tstTC74LCD.X.production.map \
  --md=/tmp/xcXgInLNd/driver_tmp_0.dat -E1 -ver=XC8 Compiler --acfsm=1493 \
  -ACODE=00h-07FFhx4 -ASTRCODE=00h-01FFFh -ASTRING=00h-0FFhx32 \
  -ACONST=00h-0FFhx32 -AENTRY=00h-0FFhx32 -ACOMMON=070h-07Fh \
  -ABANK0=020h-06Fh -ABANK1=0A0h-0EFh -ABANK2=0120h-016Fh \
  -ABANK3=01A0h-01EFh -ABANK4=0220h-026Fh -ABANK5=02A0h-02EFh \
  -ABANK6=0320h-036Fh -ABANK7=03A0h-03EFh -ABANK8=0420h-046Fh \
  -ABANK9=04A0h-04EFh -ABANK10=0520h-056Fh -ABANK11=05A0h-05EFh \
  -ABANK12=0620h-064Fh -ABIGRAM=02000h-023EFh \
  -ARAM=020h-06Fh,0A0h-0EFh,0120h-016Fh,01A0h-01EFh,0220h-026Fh,02A0h-02EFh,0320h-036Fh,03A0h-03EFh,0420h-046Fh,04A0h-04EFh,0520h-056Fh,05A0h-05EFh,0620h-064Fh \
  -AABS1=020h-07Fh,0A0h-0EFh,0120h-016Fh,01A0h-01EFh,0220h-026Fh,02A0h-02EFh,0320h-036Fh,03A0h-03EFh,0420h-046Fh,04A0h-04EFh,0520h-056Fh,05A0h-05EFh,0620h-064Fh \
  -ASFR0=00h-01Fh -ASFR1=080h-09Fh -ASFR2=0100h-011Fh -ASFR3=0180h-019Fh \
  -ASFR4=0200h-021Fh -ASFR5=0280h-029Fh -ASFR6=0300h-031Fh \
  -ASFR7=0380h-039Fh -ASFR8=0400h-041Fh -ASFR9=0480h-049Fh \
  -ASFR10=0500h-051Fh -ASFR11=0580h-059Fh -ASFR12=0600h-061Fh \
  -ASFR13=0680h-06EFh -ASFR14=0700h-076Fh -ASFR15=0780h-07EFh \
  -ASFR16=0800h-086Fh -ASFR17=0880h-08EFh -ASFR18=0900h-096Fh \
  -ASFR19=0980h-09EFh -ASFR20=0A00h-0A6Fh -ASFR21=0A80h-0AEFh \
  -ASFR22=0B00h-0B6Fh -ASFR23=0B80h-0BEFh -ASFR24=0C00h-0C6Fh \
  -ASFR25=0C80h-0CEFh -ASFR26=0D00h-0D6Fh -ASFR27=0D80h-0DEFh \
  -ASFR28=0E00h-0E6Fh -ASFR29=0E80h-0EEFh -ASFR30=0F00h-0F6Fh \
  -ASFR31=0F80h-0FEFh -ACONFIG=08007h-0800Bh -DCONFIG=2 \
  -AIDLOC=08000h-08003h -DIDLOC=2 -AEEDATA=00h-0FFh/0F000h \
  -peeprom_data=EEDATA -DEEDATA=2 -DCODE=2 -DSTRCODE=2 -DSTRING=2 -DCONST=2 \
  -DENTRY=2 -preset_vec=00h,intentry=04h,init,end_init -ppowerup=CODE \
  -pcinit=CODE -pfunctab=ENTRY -k /tmp/xcXgInLNd/driver_tmp_20.o \
  dist/default/production/tstTC74LCD.X.production.o 

Object code version is 3.11

Machine type is 16F18875



                Name                               Link     Load   Length Selector   Space Scale
/tmp/xcXgInLNd/driver_tmp_20.o
                end_init                             18       18        2        8       0
                reset_vec                             0        0        2        0       0
                config                             8007     8007        5        0       4
                idloc                              8000     8000        4        0       5
dist/default/production/tstTC74LCD.X.production.o
                cinit                                1A       1A       1C        8       0
                intentry                              4        4       14        8       0
                config                             8007     8007        5        0       4
                idloc                              8000     8000        4        0       5
                text40                              D52      D52       11     1AA4       0
                text39                              D0B      D0B        4     1A16       0
                text38                                2        2        1        0       0
                text37                              DC2      DC2       16     1B84       0
                text35                              D63      D63       12     1AC6       0
                text34                              E08      E08       1A     1C10       0
                text33                              F65      F65       4B     1ECA       0
                text32                              1DF      1DF      144        8       0
                text31                              D87      D87       13     1B0E       0
                text30                              EDC      EDC       43     1DB8       0
                text29                              4F3      4F3       B2        8       0
                text28                              652      652       7C        8       0
                text27                              D1B      D1B        7     1A36       0
                text26                              DAD      DAD       15     1B5A       0
                text25                              D22      D22        8     1A44       0
                text24                              DEF      DEF       19     1BDE       0
                text23                              D45      D45        D     1A8A       0
                text22                              DD8      DD8       17     1BB0       0
                text21                              D3B      D3B        A     1A76       0
                text20                              D32      D32        9     1A64       0
                text19                              F1F      F1F       46     1E3E       0
                text18                              D2A      D2A        8     1A54       0
                text17                              D0F      D0F        6     1A1E       0
                text16                              E3E      E3E       1D     1C7C       0
                text15                              D9A      D9A       13     1B34       0
                text14                              323      323      109        8       0
                text13                              72E      72E       60        8       0
                text12                              78E      78E       53        8       0
                text11                              D75      D75       12     1AEA       0
                text10                                3        3        1        6       0
                text9                               FB0      FB0       50     1F60       0
                text8                               E78      E78       25     1CF0       0
                text7                               E9D      E9D       3F     1D3A       0
                text6                               5A5      5A5       AD        8       0
                text5                               7E1      7E1       1F        8       0
                text4                               6CE      6CE       60        8       0
                text3                               42C      42C       C7        8       0
                text2                               E22      E22       1C     1C44       0
                text1                               E5B      E5B       1D     1CB6       0
                maintext                             36       36      1A9        8       0
                cstackBANK0                          20       20       47       20       1
                cstackCOMMON                         70       70        A       70       1
                cstackBANK1                          A0       A0       28       A0       1
                clrtext                             D15      D15        6     1A2A       0
                bssBANK2                            120      120       20      120       1
                bssBANK1                             C8       C8       1E       A0       1
                bssBANK0                             67       67        5       20       1
                bssCOMMON                            7A       7A        2       70       1
                stringtext8                        1041     1041        2     2000       0
                stringtext7                        103F     103F        2     2000       0
                stringtext6                        103D     103D        2     2000       0
                stringtext5                        103B     103B        2     2000       0
                stringtext4                        1037     1037        4     2000       0
                stringtext3                        102F     102F        8     2000       0
                stringtext2                        1020     1020        F     2000       0
                nvBANK0                              6C       6C        2       20       1
                stringtext1                        1000     1000       20     2000       0

TOTAL           Name                               Link     Load   Length     Space
        CLASS   CODE           
                end_init                             18       18        2         0
                cinit                                1A       1A       1C         0
                intentry                              4        4       14         0
                reset_vec                             0        0        2         0
                text40                              D52      D52       11         0
                text39                              D0B      D0B        4         0
                text38                                2        2        1         0
                text37                              DC2      DC2       16         0
                text35                              D63      D63       12         0
                text34                              E08      E08       1A         0
                text33                              F65      F65       4B         0
                text32                              1DF      1DF      144         0
                text31                              D87      D87       13         0
                text30                              EDC      EDC       43         0
                text29                              4F3      4F3       B2         0
                text28                              652      652       7C         0
                text27                              D1B      D1B        7         0
                text26                              DAD      DAD       15         0
                text25                              D22      D22        8         0
                text24                              DEF      DEF       19         0
                text23                              D45      D45        D         0
                text22                              DD8      DD8       17         0
                text21                              D3B      D3B        A         0
                text20                              D32      D32        9         0
                text19                              F1F      F1F       46         0
                text18                              D2A      D2A        8         0
                text17                              D0F      D0F        6         0
                text16                              E3E      E3E       1D         0
                text15                              D9A      D9A       13         0
                text14                              323      323      109         0
                text13                              72E      72E       60         0
                text12                              78E      78E       53         0
                text11                              D75      D75       12         0
                text10                                3        3        1         0
                text9                               FB0      FB0       50         0
                text8                               E78      E78       25         0
                text7                               E9D      E9D       3F         0
                text6                               5A5      5A5       AD         0
                text5                               7E1      7E1       1F         0
                text4                               6CE      6CE       60         0
                text3                               42C      42C       C7         0
                text2                               E22      E22       1C         0
                text1                               E5B      E5B       1D         0
                maintext                             36       36      1A9         0
                clrtext                             D15      D15        6         0

        CLASS   STRCODE        
                stringtext8                        1041     1041        2         0
                stringtext7                        103F     103F        2         0
                stringtext6                        103D     103D        2         0
                stringtext5                        103B     103B        2         0
                stringtext4                        1037     1037        4         0
                stringtext3                        102F     102F        8         0
                stringtext2                        1020     1020        F         0
                stringtext1                        1000     1000       20         0

        CLASS   STRING         

        CLASS   CONST          

        CLASS   ENTRY          

        CLASS   COMMON         
                cstackCOMMON                         70       70        A         1
                bssCOMMON                            7A       7A        2         1

        CLASS   BANK0          
                cstackBANK0                          20       20       47         1
                bssBANK0                             67       67        5         1
                nvBANK0                              6C       6C        2         1

        CLASS   BANK1          
                cstackBANK1                          A0       A0       28         1
                bssBANK1                             C8       C8       1E         1

        CLASS   BANK2          
                bssBANK2                            120      120       20         1

        CLASS   BANK3          

        CLASS   BANK4          

        CLASS   BANK5          

        CLASS   BANK6          

        CLASS   BANK7          

        CLASS   BANK8          

        CLASS   BANK9          

        CLASS   BANK10         

        CLASS   BANK11         

        CLASS   BANK12         

        CLASS   BIGRAM         

        CLASS   RAM            

        CLASS   ABS1           
                abs_s1                               7E       7E        2         1

        CLASS   SFR0           

        CLASS   SFR1           

        CLASS   SFR2           

        CLASS   SFR3           

        CLASS   SFR4           

        CLASS   SFR5           

        CLASS   SFR6           

        CLASS   SFR7           

        CLASS   SFR8           

        CLASS   SFR9           

        CLASS   SFR10          

        CLASS   SFR11          

        CLASS   SFR12          

        CLASS   SFR13          

        CLASS   SFR14          

        CLASS   SFR15          

        CLASS   SFR16          

        CLASS   SFR17          

        CLASS   SFR18          

        CLASS   SFR19          

        CLASS   SFR20          

        CLASS   SFR21          

        CLASS   SFR22          

        CLASS   SFR23          

        CLASS   SFR24          

        CLASS   SFR25          

        CLASS   SFR26          

        CLASS   SFR27          

        CLASS   SFR28          

        CLASS   SFR29          

        CLASS   SFR30          

        CLASS   SFR31          

        CLASS   CONFIG         
                config                             8007     8007        5         4

        CLASS   IDLOC          
                idloc                              8000     8000        4         5

        CLASS   EEDATA         

        CLASS   BANK31         

        CLASS   BANK30         

        CLASS   BANK29         

        CLASS   BANK28         

        CLASS   BANK27         

        CLASS   BANK26         

        CLASS   BANK25         

        CLASS   BANK24         

        CLASS   BANK23         

        CLASS   BANK22         

        CLASS   BANK21         

        CLASS   BANK20         

        CLASS   BANK19         

        CLASS   BANK18         

        CLASS   BANK17         

        CLASS   BANK16         

        CLASS   BANK15         

        CLASS   BANK14         

        CLASS   BANK13         

        CLASS   HEAP           

        CLASS   STACK          



SEGMENTS        Name                           Load    Length   Top    Selector   Space  Class     Delta

                text24                         000DEF  000019  000E08      1BDE       0  CODE        2
                text22                         000DD8  000017  000DEF      1BB0       0  CODE        2
                text2                          000E22  00001C  000E3E      1C44       0  CODE        2
                text34                         000E08  00001A  000E22      1C10       0  CODE        2
                text23                         000D45  00000D  000D52      1A8A       0  CODE        2
                text40                         000D52  000011  000D63      1AA4       0  CODE        2
                text21                         000D3B  00000A  000D45      1A76       0  CODE        2
                text18                         000D2A  000008  000D32      1A54       0  CODE        2
                text20                         000D32  000009  000D3B      1A64       0  CODE        2
                text35                         000D63  000012  000D75      1AC6       0  CODE        2
                text26                         000DAD  000015  000DC2      1B5A       0  CODE        2
                text37                         000DC2  000016  000DD8      1B84       0  CODE        2
                text15                         000D9A  000013  000DAD      1B34       0  CODE        2
                text11                         000D75  000012  000D87      1AEA       0  CODE        2
                text31                         000D87  000013  000D9A      1B0E       0  CODE        2
                text1                          000E5B  00001D  000E78      1CB6       0  CODE        2
                reset_vec                      000000  000003  000003         0       0  CODE        2
                stringtext1                    001000  000043  001043      2000       0  STRCODE     2
                text16                         000E3E  00001D  000E5B      1C7C       0  CODE        2
                text25                         000D22  000008  000D2A      1A44       0  CODE        2
                text27                         000D1B  000007  000D22      1A36       0  CODE        2
                text39                         000D0B  000004  000D0F      1A16       0  CODE        2
                text10                         000003  000001  000004         6       0  CODE        2
                clrtext                        000D15  000006  000D1B      1A2A       0  CODE        2
                text17                         000D0F  000006  000D15      1A1E       0  CODE        2
                text8                          000E78  000025  000E9D      1CF0       0  CODE        2
                cstackBANK1                    0000A0  000046  0000E6        A0       1  BANK1       1
                bssBANK2                       000120  000020  000140       120       1  BANK2       1
                intentry                       000004  0007FC  000800         8       0  CODE        2
                cstackBANK0                    000020  00004E  00006E        20       1  BANK0       1
                cstackCOMMON                   000070  00000C  00007C        70       1  COMMON      1
                text19                         000F1F  000046  000F65      1E3E       0  CODE        2
                text30                         000EDC  000043  000F1F      1DB8       0  CODE        2
                text7                          000E9D  00003F  000EDC      1D3A       0  CODE        2
                text33                         000F65  00004B  000FB0      1ECA       0  CODE        2
                text9                          000FB0  000050  001000      1F60       0  CODE        2


UNUSED ADDRESS RANGES

        Name                Unused          Largest block    Delta
        BANK0            0006E-0006F               2           1
        BANK1            000E6-000EF               A           1
        BANK10           00520-0056F              50           1
        BANK11           005A0-005EF              50           1
        BANK12           00620-0064F              30           1
        BANK2            00140-0016F              30           1
        BANK3            001A0-001EF              50           1
        BANK4            00220-0026F              50           1
        BANK5            002A0-002EF              50           1
        BANK6            00320-0036F              50           1
        BANK7            003A0-003EF              50           1
        BANK8            00420-0046F              50           1
        BANK9            004A0-004EF              50           1
        BIGRAM           02000-023EF             3F0           1
        CODE             00800-00D0A             50B           2
                         01043-01FFF             7BD
        COMMON           0007C-0007D               2           1
        CONST            00800-00D0A             100           2
                         01043-01FFF             100
        EEDATA           0F000-0F0FF             100           2
        ENTRY            00800-00D0A             100           2
                         01043-01FFF             100
        RAM              0006E-0006F               2           1
                         000E6-000EF               A
                         00140-0016F              30
                         001A0-001EF              50
                         00220-0026F              50
                         002A0-002EF              50
                         00320-0036F              50
                         003A0-003EF              50
                         00420-0046F              50
                         004A0-004EF              50
                         00520-0056F              50
                         005A0-005EF              50
                         00620-0064F              30
        SFR0             00000-0001F              20           1
        SFR1             00080-0009F              20           1
        SFR10            00500-0051F              20           1
        SFR11            00580-0059F              20           1
        SFR12            00600-0061F              20           1
        SFR13            00680-006EF              70           1
        SFR14            00700-0076F              70           1
        SFR15            00780-007EF              70           1
        SFR16            00800-0086F              70           1
        SFR17            00880-008EF              70           1
        SFR18            00900-0096F              70           1
        SFR19            00980-009EF              70           1
        SFR2             00100-0011F              20           1
        SFR20            00A00-00A6F              70           1
        SFR21            00A80-00AEF              70           1
        SFR22            00B00-00B6F              70           1
        SFR23            00B80-00BEF              70           1
        SFR24            00C00-00C6F              70           1
        SFR25            00C80-00CEF              70           1
        SFR26            00D00-00D6F              70           1
        SFR27            00D80-00DEF              70           1
        SFR28            00E00-00E6F              70           1
        SFR29            00E80-00EEF              70           1
        SFR3             00180-0019F              20           1
        SFR30            00F00-00F6F              70           1
        SFR31            00F80-00FEF              70           1
        SFR4             00200-0021F              20           1
        SFR5             00280-0029F              20           1
        SFR6             00300-0031F              20           1
        SFR7             00380-0039F              20           1
        SFR8             00400-0041F              20           1
        SFR9             00480-0049F              20           1
        STRCODE          00800-00D0A             50B           2
                         01043-01FFF             FBD
        STRING           00800-00D0A             100           2
                         01043-01FFF             100

                                  Symbol Table

?_ADCC_GetSingleConversion                cstackCOMMON 00072
?_LCDbusy                                 cstackBANK0  00020
?___awdiv                                 cstackCOMMON 00072
?___awmod                                 cstackCOMMON 00072
?___wmul                                  cstackCOMMON 00072
?_abs                                     cstackBANK0  00020
?_read_prec_or_width                      cstackCOMMON 00078
?_sprintf                                 cstackBANK0  0004F
?_vfprintf                                cstackBANK0  00048
ADCC_GetSingleConversion@channel          cstackCOMMON 00074
LCDchar@c                                 cstackCOMMON 00079
LCDcmd@c                                  cstackCOMMON 00079
LCDpos@c                                  cstackBANK0  00020
LCDpos@l                                  cstackBANK0  00021
LCDpos@p                                  cstackBANK0  00022
LCDrecv@hc                                cstackCOMMON 00076
LCDrecv@lc                                cstackCOMMON 00077
LCDrecv@mode                              cstackCOMMON 00078
LCDsend2x4@c                              cstackCOMMON 00076
LCDsend2x4@hc                             cstackCOMMON 00077
LCDsend2x4@lc                             cstackCOMMON 00078
LCDsend2x4@mode                           cstackCOMMON 00074
LCDsend@c                                 cstackCOMMON 00075
LCDstr@c                                  cstackBANK0  00024
LCDstr@p                                  cstackBANK0  00020
TMR1_SetInterruptHandler@InterruptHandler cstackCOMMON 00072
TMR1_WriteTimer@timerVal                  cstackCOMMON 00070
WriteI2C@data_out                         cstackCOMMON 00073
_ADACCH                                   (abs)        00091
_ADACCL                                   (abs)        00090
_ADACQ                                    (abs)        0009D
_ADACT                                    (abs)        00099
_ADCAP                                    (abs)        0009B
_ADCC_GetSingleConversion                 text35       00D63
_ADCC_Initialize                          text22       00DD8
_ADCLK                                    (abs)        00098
_ADCNT                                    (abs)        0010C
_ADCON0                                   (abs)        00093
_ADCON0bits                               (abs)        00093
_ADCON1                                   (abs)        00094
_ADCON1bits                               (abs)        00094
_ADCON2                                   (abs)        00095
_ADCON2bits                               (abs)        00095
_ADCON3                                   (abs)        00096
_ADCON3bits                               (abs)        00096
_ADERRH                                   (abs)        00117
_ADERRL                                   (abs)        00116
_ADFLTRH                                  (abs)        00115
_ADFLTRL                                  (abs)        00114
_ADLTHH                                   (abs)        0010F
_ADLTHL                                   (abs)        0010E
_ADPCH                                    (abs)        0009E
_ADPRE                                    (abs)        0009C
_ADPREVH                                  (abs)        0008F
_ADPREVL                                  (abs)        0008E
_ADREF                                    (abs)        0009A
_ADRESH                                   (abs)        0008D
_ADRESL                                   (abs)        0008C
_ADRPT                                    (abs)        0010D
_ADSTAT                                   (abs)        00097
_ADSTATbits                               (abs)        00097
_ADSTPTH                                  (abs)        00113
_ADSTPTL                                  (abs)        00112
_ADUTHH                                   (abs)        00111
_ADUTHL                                   (abs)        00110
_ANSELA                                   (abs)        00F38
_ANSELB                                   (abs)        00F43
_ANSELC                                   (abs)        00F4E
_ANSELD                                   (abs)        00F59
_ANSELE                                   (abs)        00F64
_I2C1_CallbackReturnReset                 (abs)        00000
_I2C1_CallbackReturnStop                  (abs)        00000
_I2C1_DO_ADDRESS_NACK                     (abs)        00000
_I2C1_DO_IDLE                             (abs)        00000
_I2C1_DO_RCEN                             (abs)        00000
_I2C1_DO_RESET                            (abs)        00000
_I2C1_DO_RX                               (abs)        00000
_I2C1_DO_RX_ACK                           (abs)        00000
_I2C1_DO_RX_NACK_RESTART                  (abs)        00000
_I2C1_DO_RX_NACK_STOP                     (abs)        00000
_I2C1_DO_SEND_ADR_READ                    (abs)        00000
_I2C1_DO_SEND_ADR_WRITE                   (abs)        00000
_I2C1_DO_SEND_RESTART                     (abs)        00000
_I2C1_DO_SEND_RESTART_READ                (abs)        00000
_I2C1_DO_SEND_RESTART_WRITE               (abs)        00000
_I2C1_DO_SEND_STOP                        (abs)        00000
_I2C1_DO_TX                               (abs)        00000
_I2C1_DO_TX_EMPTY                         (abs)        00000
_I2C1_Initialize                          text21       00D3B
_I2C1_Status                              bssBANK1     000C8
_INLVLA                                   (abs)        00F3C
_INLVLB                                   (abs)        00F47
_INLVLC                                   (abs)        00F52
_INLVLD                                   (abs)        00F5D
_INLVLE                                   (abs)        00F68
_INTCONbits                               (abs)        0000B
_INTERRUPT_InterruptManager               intentry     00004
_LATA                                     (abs)        00016
_LATB                                     (abs)        00017
_LATC                                     (abs)        00018
_LATD                                     (abs)        00019
_LATE                                     (abs)        0001A
_LCDbusy                                  text31       00D87
_LCDchar                                  text25       00D22
_LCDcmd                                   text27       00D1B
_LCDinit                                  text28       00652
_LCDpos                                   text26       00DAD
_LCDrecv                                  text32       001DF
_LCDsend                                  text30       00EDC
_LCDsend2x4                               text29       004F3
_LCDstr                                   text24       00DEF
_ODCONA                                   (abs)        00F3A
_ODCONB                                   (abs)        00F45
_ODCONC                                   (abs)        00F50
_ODCOND                                   (abs)        00F5B
_ODCONE                                   (abs)        00F66
_OSCCON1                                  (abs)        0088D
_OSCCON3                                  (abs)        0088F
_OSCEN                                    (abs)        00891
_OSCFRQ                                   (abs)        00893
_OSCILLATOR_Initialize                    text20       00D32
_OSCTUNE                                  (abs)        00892
_OpenI2C                                  text23       00D45
_PIE3bits                                 (abs)        00719
_PIE4bits                                 (abs)        0071A
_PIN_MANAGER_Initialize                   text19       00F1F
_PIR3bits                                 (abs)        0070F
_PIR4bits                                 (abs)        00710
_PMD0                                     (abs)        00796
_PMD1                                     (abs)        00797
_PMD2                                     (abs)        00798
_PMD3                                     (abs)        00799
_PMD4                                     (abs)        0079A
_PMD5                                     (abs)        0079B
_PMD_Initialize                           text18       00D2A
_RC3PPS                                   (abs)        00F23
_RC4PPS                                   (abs)        00F24
_ReadI2C                                  text34       00E08
_SLRCONA                                  (abs)        00F3B
_SLRCONB                                  (abs)        00F46
_SLRCONC                                  (abs)        00F51
_SLRCOND                                  (abs)        00F5C
_SLRCONE                                  (abs)        00F67
_SSP1ADD                                  (abs)        0018D
_SSP1BUF                                  (abs)        0018C
_SSP1CLKPPS                               (abs)        00EC5
_SSP1CON1                                 (abs)        00190
_SSP1CON1bits                             (abs)        00190
_SSP1CON2                                 (abs)        00191
_SSP1CON2bits                             (abs)        00191
_SSP1DATPPS                               (abs)        00EC6
_SSP1STAT                                 (abs)        0018F
_SSP1STATbits                             (abs)        0018F
_SYSTEM_Initialize                        text15       00D9A
_T1CLK                                    (abs)        00211
_T1CON                                    (abs)        0020E
_T1CONbits                                (abs)        0020E
_T1GATE                                   (abs)        00210
_T1GCON                                   (abs)        0020F
_T1GCONbits                               (abs)        0020F
_TMR1H                                    (abs)        0020D
_TMR1L                                    (abs)        0020C
_TMR1_DefaultInterruptHandler             text38       00002
_TMR1_ISR                                 text37       00DC2
_TMR1_Initialize                          text16       00E3E
_TMR1_InterruptHandler                    nvBANK0      0006C
_TMR1_SetInterruptHandler                 text17       00D0F
_TMR1_WriteTimer                          text40       00D52
_TRISA                                    (abs)        00011
_TRISB                                    (abs)        00012
_TRISC                                    (abs)        00013
_TRISCbits                                (abs)        00013
_TRISD                                    (abs)        00014
_TRISE                                    (abs)        00015
_Timer1                                   text39       00D0B
_WPUA                                     (abs)        00F39
_WPUB                                     (abs)        00F44
_WPUC                                     (abs)        00F4F
_WPUD                                     (abs)        00F5A
_WPUE                                     (abs)        00F65
_WriteI2C                                 text33       00F65
__H__absolute__                           __absolute__ 00000
__Habs1                                   abs1         00000
__Hbank0                                  bank0        00000
__Hbank1                                  bank1        00000
__Hbank10                                 bank10       00000
__Hbank11                                 bank11       00000
__Hbank12                                 bank12       00000
__Hbank13                                 bank13       00000
__Hbank14                                 bank14       00000
__Hbank15                                 bank15       00000
__Hbank16                                 bank16       00000
__Hbank17                                 bank17       00000
__Hbank18                                 bank18       00000
__Hbank19                                 bank19       00000
__Hbank2                                  bank2        00000
__Hbank20                                 bank20       00000
__Hbank21                                 bank21       00000
__Hbank22                                 bank22       00000
__Hbank23                                 bank23       00000
__Hbank24                                 bank24       00000
__Hbank25                                 bank25       00000
__Hbank26                                 bank26       00000
__Hbank27                                 bank27       00000
__Hbank28                                 bank28       00000
__Hbank29                                 bank29       00000
__Hbank3                                  bank3        00000
__Hbank30                                 bank30       00000
__Hbank31                                 bank31       00000
__Hbank4                                  bank4        00000
__Hbank5                                  bank5        00000
__Hbank6                                  bank6        00000
__Hbank7                                  bank7        00000
__Hbank8                                  bank8        00000
__Hbank9                                  bank9        00000
__Hbigram                                 bigram       00000
__HbssBANK0                               bssBANK0     00000
__HbssBANK1                               bssBANK1     00000
__HbssBANK2                               bssBANK2     00000
__HbssCOMMON                              bssCOMMON    00000
__Hcinit                                  cinit        00036
__Hclrtext                                clrtext      00000
__Hcode                                   code         00000
__Hcommon                                 common       00000
__Hconfig                                 config       0800C
__HcstackBANK0                            cstackBANK0  00000
__HcstackBANK1                            cstackBANK1  00000
__HcstackCOMMON                           cstackCOMMON 00000
__Heeprom_data                            eeprom_data  00000
__Hend_init                               end_init     0001A
__Hfunctab                                functab      00000
__Hheap                                   heap         00000
__Hidloc                                  idloc        08004
__Hinit                                   init         00018
__Hintentry                               intentry     00018
__Hmaintext                               maintext     00000
__HnvBANK0                                nvBANK0      00000
__Hpowerup                                powerup      00000
__Hram                                    ram          00000
__Hreset_vec                              reset_vec    00002
__Hsfr0                                   sfr0         00000
__Hsfr1                                   sfr1         00000
__Hsfr10                                  sfr10        00000
__Hsfr11                                  sfr11        00000
__Hsfr12                                  sfr12        00000
__Hsfr13                                  sfr13        00000
__Hsfr14                                  sfr14        00000
__Hsfr15                                  sfr15        00000
__Hsfr16                                  sfr16        00000
__Hsfr17                                  sfr17        00000
__Hsfr18                                  sfr18        00000
__Hsfr19                                  sfr19        00000
__Hsfr2                                   sfr2         00000
__Hsfr20                                  sfr20        00000
__Hsfr21                                  sfr21        00000
__Hsfr22                                  sfr22        00000
__Hsfr23                                  sfr23        00000
__Hsfr24                                  sfr24        00000
__Hsfr25                                  sfr25        00000
__Hsfr26                                  sfr26        00000
__Hsfr27                                  sfr27        00000
__Hsfr28                                  sfr28        00000
__Hsfr29                                  sfr29        00000
__Hsfr3                                   sfr3         00000
__Hsfr30                                  sfr30        00000
__Hsfr31                                  sfr31        00000
__Hsfr4                                   sfr4         00000
__Hsfr5                                   sfr5         00000
__Hsfr6                                   sfr6         00000
__Hsfr7                                   sfr7         00000
__Hsfr8                                   sfr8         00000
__Hsfr9                                   sfr9         00000
__Hspace_0                                (abs)        01043
__Hspace_1                                (abs)        00140
__Hspace_2                                (abs)        00000
__Hspace_3                                (abs)        00000
__Hspace_4                                (abs)        10013
__Hstack                                  stack        00000
__Hstrings                                strings      00000
__Hstringtext1                            stringtext1  00000
__Hstringtext2                            stringtext2  00000
__Hstringtext3                            stringtext3  00000
__Hstringtext4                            stringtext4  00000
__Hstringtext5                            stringtext5  00000
__Hstringtext6                            stringtext6  00000
__Hstringtext7                            stringtext7  00000
__Hstringtext8                            stringtext8  00000
__Hstringtext9                            stringtext9  00000
__Htext                                   text         00000
__L__absolute__                           __absolute__ 00000
__Labs1                                   abs1         00000
__Lbank0                                  bank0        00000
__Lbank1                                  bank1        00000
__Lbank10                                 bank10       00000
__Lbank11                                 bank11       00000
__Lbank12                                 bank12       00000
__Lbank13                                 bank13       00000
__Lbank14                                 bank14       00000
__Lbank15                                 bank15       00000
__Lbank16                                 bank16       00000
__Lbank17                                 bank17       00000
__Lbank18                                 bank18       00000
__Lbank19                                 bank19       00000
__Lbank2                                  bank2        00000
__Lbank20                                 bank20       00000
__Lbank21                                 bank21       00000
__Lbank22                                 bank22       00000
__Lbank23                                 bank23       00000
__Lbank24                                 bank24       00000
__Lbank25                                 bank25       00000
__Lbank26                                 bank26       00000
__Lbank27                                 bank27       00000
__Lbank28                                 bank28       00000
__Lbank29                                 bank29       00000
__Lbank3                                  bank3        00000
__Lbank30                                 bank30       00000
__Lbank31                                 bank31       00000
__Lbank4                                  bank4        00000
__Lbank5                                  bank5        00000
__Lbank6                                  bank6        00000
__Lbank7                                  bank7        00000
__Lbank8                                  bank8        00000
__Lbank9                                  bank9        00000
__Lbigram                                 bigram       00000
__LbssBANK0                               bssBANK0     00000
__LbssBANK1                               bssBANK1     00000
__LbssBANK2                               bssBANK2     00000
__LbssCOMMON                              bssCOMMON    00000
__Lcinit                                  cinit        0001A
__Lclrtext                                clrtext      00000
__Lcode                                   code         00000
__Lcommon                                 common       00000
__Lconfig                                 config       00000
__LcstackBANK0                            cstackBANK0  00000
__LcstackBANK1                            cstackBANK1  00000
__LcstackCOMMON                           cstackCOMMON 00000
__Leeprom_data                            eeprom_data  00000
__Lend_init                               end_init     00018
__Lfunctab                                functab      00000
__Lheap                                   heap         00000
__Lidloc                                  idloc        00000
__Linit                                   init         00018
__Lintentry                               intentry     00004
__Lmaintext                               maintext     00000
__LnvBANK0                                nvBANK0      00000
__Lpowerup                                powerup      00000
__Lram                                    ram          00000
__Lreset_vec                              reset_vec    00000
__Lsfr0                                   sfr0         00000
__Lsfr1                                   sfr1         00000
__Lsfr10                                  sfr10        00000
__Lsfr11                                  sfr11        00000
__Lsfr12                                  sfr12        00000
__Lsfr13                                  sfr13        00000
__Lsfr14                                  sfr14        00000
__Lsfr15                                  sfr15        00000
__Lsfr16                                  sfr16        00000
__Lsfr17                                  sfr17        00000
__Lsfr18                                  sfr18        00000
__Lsfr19                                  sfr19        00000
__Lsfr2                                   sfr2         00000
__Lsfr20                                  sfr20        00000
__Lsfr21                                  sfr21        00000
__Lsfr22                                  sfr22        00000
__Lsfr23                                  sfr23        00000
__Lsfr24                                  sfr24        00000
__Lsfr25                                  sfr25        00000
__Lsfr26                                  sfr26        00000
__Lsfr27                                  sfr27        00000
__Lsfr28                                  sfr28        00000
__Lsfr29                                  sfr29        00000
__Lsfr3                                   sfr3         00000
__Lsfr30                                  sfr30        00000
__Lsfr31                                  sfr31        00000
__Lsfr4                                   sfr4         00000
__Lsfr5                                   sfr5         00000
__Lsfr6                                   sfr6         00000
__Lsfr7                                   sfr7         00000
__Lsfr8                                   sfr8         00000
__Lsfr9                                   sfr9         00000
__Lspace_0                                (abs)        00000
__Lspace_1                                (abs)        00000
__Lspace_2                                (abs)        00000
__Lspace_3                                (abs)        00000
__Lspace_4                                (abs)        00000
__Lstack                                  stack        00000
__Lstrings                                strings      00000
__Lstringtext1                            stringtext1  00000
__Lstringtext2                            stringtext2  00000
__Lstringtext3                            stringtext3  00000
__Lstringtext4                            stringtext4  00000
__Lstringtext5                            stringtext5  00000
__Lstringtext6                            stringtext6  00000
__Lstringtext7                            stringtext7  00000
__Lstringtext8                            stringtext8  00000
__Lstringtext9                            stringtext9  00000
__Ltext                                   text         00000
__S0                                      (abs)        01043
__S1                                      (abs)        00140
__S3                                      (abs)        00000
___awdiv                                  text13       0072E
___awdiv@counter                          cstackBANK0  00020
___awdiv@dividend                         cstackCOMMON 00074
___awdiv@divisor                          cstackCOMMON 00072
___awdiv@quotient                         cstackBANK0  00022
___awdiv@sign                             cstackBANK0  00021
___awmod                                  text12       0078E
___awmod@counter                          cstackCOMMON 00077
___awmod@dividend                         cstackCOMMON 00074
___awmod@divisor                          cstackCOMMON 00072
___awmod@sign                             cstackCOMMON 00078
___heap_hi                                (abs)        00000
___heap_lo                                (abs)        00000
___int_sp                                 stack        00000
___int_stack_hi                           stack        00000
___int_stack_lo                           stack        00000
___latbits                                (abs)        00002
___sp                                     stack        00000
___stack_hi                               stack        00000
___stack_lo                               stack        00000
___stackhi                                (abs)        00000
___stacklo                                (abs)        00000
___wmul                                   text5        007E1
___wmul@multiplicand                      cstackCOMMON 00074
___wmul@multiplier                        cstackCOMMON 00072
___wmul@product                           cstackCOMMON 00076
__end_of_ADCC_GetSingleConversion         text35       00D75
__end_of_ADCC_Initialize                  text22       00DEF
__end_of_I2C1_Initialize                  text21       00D45
__end_of_INTERRUPT_InterruptManager       intentry     00018
__end_of_LCDbusy                          text31       00D9A
__end_of_LCDchar                          text25       00D2A
__end_of_LCDcmd                           text27       00D22
__end_of_LCDinit                          text28       006CE
__end_of_LCDpos                           text26       00DC2
__end_of_LCDrecv                          text32       00323
__end_of_LCDsend                          text30       00F1F
__end_of_LCDsend2x4                       text29       005A5
__end_of_LCDstr                           text24       00E08
__end_of_OSCILLATOR_Initialize            text20       00D3B
__end_of_OpenI2C                          text23       00D52
__end_of_PIN_MANAGER_Initialize           text19       00F65
__end_of_PMD_Initialize                   text18       00D32
__end_of_ReadI2C                          text34       00E22
__end_of_SYSTEM_Initialize                text15       00DAD
__end_of_TMR1_DefaultInterruptHandler     text38       00003
__end_of_TMR1_ISR                         text37       00DD8
__end_of_TMR1_Initialize                  text16       00E5B
__end_of_TMR1_SetInterruptHandler         text17       00D15
__end_of_TMR1_WriteTimer                  text40       00D63
__end_of_Timer1                           text39       00D0F
__end_of_WriteI2C                         text33       00FB0
__end_of___awdiv                          text13       0078E
__end_of___awmod                          text12       007E1
__end_of___wmul                           text5        00800
__end_of__initialization                  cinit        00032
__end_of_abs                              text11       00D87
__end_of_dtoa                             text6        00652
__end_of_fputc                            text9        01000
__end_of_fputs                            text8        00E9D
__end_of_i2c1_fsmStateTable               stringtext1  01020
__end_of_main                             maintext     001DF
__end_of_pad                              text7        00EDC
__end_of_putch                            text10       00004
__end_of_readTC74                         text14       0042C
__end_of_read_prec_or_width               text4        0072E
__end_of_sprintf                          text1        00E78
__end_of_vfpfcnvrt                        text3        004F3
__end_of_vfprintf                         text2        00E3E
__initialization                          cinit        0001A
__pbssBANK0                               bssBANK0     00067
__pbssBANK1                               bssBANK1     000C8
__pbssBANK2                               bssBANK2     00120
__pbssCOMMON                              bssCOMMON    0007A
__pcstackBANK0                            cstackBANK0  00020
__pcstackBANK1                            cstackBANK1  000A0
__pcstackCOMMON                           cstackCOMMON 00070
__pintentry                               intentry     00004
__pmaintext                               maintext     00036
__pnvBANK0                                nvBANK0      0006C
__pstringtext1                            stringtext1  01000
__pstringtext2                            stringtext2  01020
__pstringtext3                            stringtext3  0102F
__pstringtext4                            stringtext4  01037
__pstringtext5                            stringtext5  0103B
__pstringtext6                            stringtext6  0103D
__pstringtext7                            stringtext7  0103F
__pstringtext8                            stringtext8  01041
__pstringtext9                            stringtext9  00000
__ptext1                                  text1        00E5B
__ptext10                                 text10       00003
__ptext11                                 text11       00D75
__ptext12                                 text12       0078E
__ptext13                                 text13       0072E
__ptext14                                 text14       00323
__ptext15                                 text15       00D9A
__ptext16                                 text16       00E3E
__ptext17                                 text17       00D0F
__ptext18                                 text18       00D2A
__ptext19                                 text19       00F1F
__ptext2                                  text2        00E22
__ptext20                                 text20       00D32
__ptext21                                 text21       00D3B
__ptext22                                 text22       00DD8
__ptext23                                 text23       00D45
__ptext24                                 text24       00DEF
__ptext25                                 text25       00D22
__ptext26                                 text26       00DAD
__ptext27                                 text27       00D1B
__ptext28                                 text28       00652
__ptext29                                 text29       004F3
__ptext3                                  text3        0042C
__ptext30                                 text30       00EDC
__ptext31                                 text31       00D87
__ptext32                                 text32       001DF
__ptext33                                 text33       00F65
__ptext34                                 text34       00E08
__ptext35                                 text35       00D63
__ptext37                                 text37       00DC2
__ptext38                                 text38       00002
__ptext39                                 text39       00D0B
__ptext4                                  text4        006CE
__ptext40                                 text40       00D52
__ptext5                                  text5        007E1
__ptext6                                  text6        005A5
__ptext7                                  text7        00E9D
__ptext8                                  text8        00E78
__ptext9                                  text9        00FB0
_abs                                      text11       00D75
_dbuf                                     bssBANK2     00120
_dtoa                                     text6        005A5
_dtoa$2651                                cstackBANK0  00032
_flags                                    bssBANK0     0006B
_fputc                                    text9        00FB0
_fputs                                    text8        00E78
_i2c1_fsmStateTable                       stringtext1  01000
_main                                     maintext     00036
_one_second                               bssBANK1     000E5
_pad                                      text7        00E9D
_prec                                     bssBANK0     00069
_putch                                    text10       00003
_rd1RegCompleteHandler                    (abs)        00000
_rd2RegCompleteHandler                    (abs)        00000
_rdBlkRegCompleteHandler                  (abs)        00000
_readTC74                                 text14       00323
_read_prec_or_width                       text4        006CE
_sprintf                                  text1        00E5B
_timer1ReloadVal                          bssCOMMON    0007A
_vfpfcnvrt                                text3        0042C
_vfprintf                                 text2        00E22
_width                                    bssBANK0     00067
_wr1RegCompleteHandler                    (abs)        00000
_wr2RegCompleteHandler                    (abs)        00000
abs@a                                     cstackBANK0  00020
btemp                                     (abs)        0007E
clear_ram0                                clrtext      00D15
dtoa@d                                    cstackBANK0  0002E
dtoa@fp                                   cstackBANK0  00031
dtoa@i                                    cstackBANK0  00038
dtoa@p                                    cstackBANK0  00034
dtoa@s                                    cstackBANK0  00037
dtoa@w                                    cstackBANK0  00035
end_of_initialization                     cinit        00032
fputc@c                                   cstackCOMMON 00072
fputc@fp                                  cstackCOMMON 00074
fputs@c                                   cstackBANK0  00023
fputs@fp                                  cstackBANK0  00020
fputs@i                                   cstackBANK0  00024
fputs@s                                   cstackBANK0  00026
int$flags                                 (abs)        0007E
intlevel0                                 functab      00000
intlevel1                                 functab      00000
intlevel2                                 functab      00000
intlevel3                                 functab      00000
intlevel4                                 functab      00000
intlevel5                                 functab      00000
main@ALAF                                 cstackBANK1  000B0
main@ALAH                                 cstackBANK1  000B2
main@ALAL                                 cstackBANK1  000BA
main@ALAM                                 cstackBANK1  000B4
main@ALAS                                 cstackBANK1  000B6
main@ALAT                                 cstackBANK1  000B8
main@CLKM                                 cstackBANK1  000AE
main@PMON                                 cstackBANK1  000BE
main@count                                cstackBANK1  000BC
main@hours                                cstackBANK1  000C2
main@luminosity                           cstackBANK1  000C1
main@measure_buffer                       cstackBANK1  000A8
main@minutes                              cstackBANK1  000C4
main@seconds                              cstackBANK1  000C6
main@temperature                          cstackBANK1  000C0
main@time_buffer                          cstackBANK1  000A0
pad@buf                                   cstackBANK0  00027
pad@fp                                    cstackBANK0  0002D
pad@i                                     cstackBANK0  0002B
pad@p                                     cstackBANK0  00028
readTC74@value                            cstackCOMMON 00075
read_prec_or_width@ap                     cstackCOMMON 00078
read_prec_or_width@c                      cstackBANK0  00023
read_prec_or_width@fmt                    cstackBANK0  00026
read_prec_or_width@n                      cstackBANK0  00024
reset_vec                                 reset_vec    00000
sprintf@ap                                cstackBANK0  00058
sprintf@f                                 cstackBANK0  0005A
sprintf@fmt                               cstackBANK0  0004F
sprintf@s                                 cstackBANK0  00059
start                                     init         00018
start_initialization                      cinit        0001A
vfpfcnvrt@ap                              cstackBANK0  0003B
vfpfcnvrt@convarg                         cstackBANK0  00040
vfpfcnvrt@cp                              cstackBANK0  00046
vfpfcnvrt@done                            cstackBANK0  00044
vfpfcnvrt@fmt                             cstackBANK0  0003A
vfpfcnvrt@fp                              cstackBANK0  00045
vfprintf@ap                               cstackBANK0  0004A
vfprintf@cfmt                             cstackBANK0  0004D
vfprintf@fmt                              cstackBANK0  00048
vfprintf@fp                               cstackBANK0  0004C
wtemp0                                    (abs)        0007E


MODULE INFORMATION

Module		Function		Class		Link	Load	Size
/opt/microchip/xc8/v2.45/pic/sources/c99/common/nf_fputs.c
		_fputs         		CODE           	0E78	0000	37

/opt/microchip/xc8/v2.45/pic/sources/c99/common/nf_fputs.c estimated size: 37

/opt/microchip/xc8/v2.45/pic/sources/c99/common/awdiv.c
		___awdiv       		CODE           	072E	0000	96

/opt/microchip/xc8/v2.45/pic/sources/c99/common/awdiv.c estimated size: 96

mcc_generated_files/i2c1_master.c
		_I2C1_Initialize		CODE           	0D3B	0000	10

mcc_generated_files/i2c1_master.c estimated size: 10

mcc_generated_files/interrupt_manager.c
		_INTERRUPT_InterruptManager		CODE           	0004	0000	20

mcc_generated_files/interrupt_manager.c estimated size: 20

/opt/microchip/xc8/v2.45/pic/sources/c99/common/nf_sprintf.c
		_sprintf       		CODE           	0E5B	0000	29

/opt/microchip/xc8/v2.45/pic/sources/c99/common/nf_sprintf.c estimated size: 29

mcc_generated_files/pin_manager.c
		_PIN_MANAGER_Initialize		CODE           	0F1F	0000	70

mcc_generated_files/pin_manager.c estimated size: 70

I2C/i2c.c
		_ReadI2C       		CODE           	0E08	0000	26
		_WriteI2C      		CODE           	0F65	0000	75
		_OpenI2C       		CODE           	0D45	0000	13

I2C/i2c.c estimated size: 114

/opt/microchip/xc8/v2.45/pic/sources/c99/common/doprnt.c
		_read_prec_or_width		CODE           	06CE	0000	96
		_vfpfcnvrt     		CODE           	042C	0000	199
		_pad           		CODE           	0E9D	0000	63
		_dtoa          		CODE           	05A5	0000	173
		_vfprintf      		CODE           	0E22	0000	28

/opt/microchip/xc8/v2.45/pic/sources/c99/common/doprnt.c estimated size: 559

LCD/lcd.c
		_LCDinit       		CODE           	0652	0000	124
		_LCDsend       		CODE           	0EDC	0000	67
		_LCDsend2x4    		CODE           	04F3	0000	178
		_LCDstr        		CODE           	0DEF	0000	25
		_LCDchar       		CODE           	0D22	0000	8
		_LCDpos        		CODE           	0DAD	0000	21
		_LCDbusy       		CODE           	0D87	0000	19
		_LCDrecv       		CODE           	01DF	0000	324
		_LCDcmd        		CODE           	0D1B	0000	7

LCD/lcd.c estimated size: 773

/opt/microchip/xc8/v2.45/pic/sources/c99/common/abs.c
		_abs           		CODE           	0D75	0000	18

/opt/microchip/xc8/v2.45/pic/sources/c99/common/abs.c estimated size: 18

/opt/microchip/xc8/v2.45/pic/sources/c99/common/nf_fputc.c
		_fputc         		CODE           	0FB0	0000	80

/opt/microchip/xc8/v2.45/pic/sources/c99/common/nf_fputc.c estimated size: 80

/opt/microchip/xc8/v2.45/pic/sources/c99/common/Umul16.c
		___wmul        		CODE           	07E1	0000	31

/opt/microchip/xc8/v2.45/pic/sources/c99/common/Umul16.c estimated size: 31

shared
		__initialization		CODE           	001A	0000	24
		_i2c1_fsmStateTable		STRCODE        	1000	0000	32

shared estimated size: 56

mcc_generated_files/mcc.c
		_PMD_Initialize		CODE           	0D2A	0000	8
		_OSCILLATOR_Initialize		CODE           	0D32	0000	9
		_SYSTEM_Initialize		CODE           	0D9A	0000	19

mcc_generated_files/mcc.c estimated size: 36

mcc_generated_files/tmr1.c
		_TMR1_Initialize		CODE           	0E3E	0000	29
		_TMR1_SetInterruptHandler		CODE           	0D0F	0000	6
		_TMR1_DefaultInterruptHandler		CODE           	0002	0000	1
		_TMR1_WriteTimer		CODE           	0D52	0000	17
		_TMR1_ISR      		CODE           	0DC2	0000	22

mcc_generated_files/tmr1.c estimated size: 75

/opt/microchip/xc8/v2.45/pic/sources/c99/common/awmod.c
		___awmod       		CODE           	078E	0000	83

/opt/microchip/xc8/v2.45/pic/sources/c99/common/awmod.c estimated size: 83

/opt/microchip/xc8/v2.45/pic/sources/c99/common/putch.c
		_putch         		CODE           	0003	0000	1

/opt/microchip/xc8/v2.45/pic/sources/c99/common/putch.c estimated size: 1

mcc_generated_files/adcc.c
		_ADCC_GetSingleConversion		CODE           	0D63	0000	18
		_ADCC_Initialize		CODE           	0DD8	0000	23

mcc_generated_files/adcc.c estimated size: 41

main.c
		_Timer1        		CODE           	0D0B	0000	4
		_main          		CODE           	0036	0000	425
		_readTC74      		CODE           	0323	0000	265

main.c estimated size: 694

